../Core/Src/cJSON.c:615:17:parse_hex4	8	static
../Core/Src/cJSON.c:773:19:parse_string	40	static
../Core/Src/cJSON.c:1038:22:buffer_skip_whitespace	8	static
../Core/Src/cJSON.c:1851:15:get_array_item	0	static
../Core/Src/cJSON.c:525:13:update_offset	16	static
../Core/Src/cJSON.c:439:23:ensure	16	static
../Core/Src/cJSON.c:1880:15:get_object_item	24	static
../Core/Src/cJSON.c:1956:19:add_item_to_array	0	static
../Core/Src/cJSON.c:902:19:print_string_ptr	40	static
../Core/Src/cJSON.c:188:23:cJSON_strdup.constprop	24	static
../Core/Src/cJSON.c:2011:19:add_item_to_object.constprop	24	static
../Core/Src/cJSON.c:241:15:cJSON_New_Item.isra	8	static
../Core/Src/cJSON.c:1935:15:create_reference.constprop	8	static
../Core/Src/cJSON.c:1367:19:print_value	88	static
../Core/Src/cJSON.c:1187:23:print.constprop	56	static
../Core/Src/cJSON.c:94:28:cJSON_GetErrorPtr	0	static
../Core/Src/cJSON.c:124:27:cJSON_Version	16	static
../Core/Src/cJSON.c:209:20:cJSON_InitHooks	12	static
../Core/Src/cJSON.c:253:20:cJSON_Delete	16	static
../Core/Src/cJSON.c:1312:19:parse_value	104	static
../Core/Src/cJSON.c:382:22:cJSON_SetNumberHelper	16	static
../Core/Src/cJSON.c:1095:23:cJSON_ParseWithLengthOpts	64	static
../Core/Src/cJSON.c:1079:23:cJSON_ParseWithOpts	24	static
../Core/Src/cJSON.c:1175:23:cJSON_Parse	0	static
../Core/Src/cJSON.c:1180:23:cJSON_ParseWithLength	0	static
../Core/Src/cJSON.c:1252:22:cJSON_Print	0	static
../Core/Src/cJSON.c:1257:22:cJSON_PrintUnformatted	0	static
../Core/Src/cJSON.c:1262:22:cJSON_PrintBuffered	64	static
../Core/Src/cJSON.c:1292:26:cJSON_PrintPreallocated	64	static
../Core/Src/cJSON.c:1828:19:cJSON_GetArraySize	0	static
../Core/Src/cJSON.c:1870:23:cJSON_GetArrayItem	0	static
../Core/Src/cJSON.c:1912:23:cJSON_GetObjectItem	0	static
../Core/Src/cJSON.c:1917:23:cJSON_GetObjectItemCaseSensitive	0	static
../Core/Src/cJSON.c:1922:26:cJSON_HasObjectItem	8	static
../Core/Src/cJSON.c:1990:26:cJSON_AddItemToArray	0	static
../Core/Src/cJSON.c:2048:26:cJSON_AddItemToObject	0	static
../Core/Src/cJSON.c:2054:26:cJSON_AddItemToObjectCS	0	static
../Core/Src/cJSON.c:2059:26:cJSON_AddItemReferenceToArray	8	static
../Core/Src/cJSON.c:2069:26:cJSON_AddItemReferenceToObject	16	static
../Core/Src/cJSON.c:2187:23:cJSON_DetachItemViaPointer	8	static
../Core/Src/cJSON.c:2223:23:cJSON_DetachItemFromArray	8	static
../Core/Src/cJSON.c:2233:20:cJSON_DeleteItemFromArray	8	static
../Core/Src/cJSON.c:2238:23:cJSON_DetachItemFromObject	8	static
../Core/Src/cJSON.c:2245:23:cJSON_DetachItemFromObjectCaseSensitive	8	static
../Core/Src/cJSON.c:2252:20:cJSON_DeleteItemFromObject	8	static
../Core/Src/cJSON.c:2257:20:cJSON_DeleteItemFromObjectCaseSensitive	8	static
../Core/Src/cJSON.c:2263:26:cJSON_InsertItemInArray	8	static
../Core/Src/cJSON.c:2292:26:cJSON_ReplaceItemViaPointer	8	static
../Core/Src/cJSON.c:2341:26:cJSON_ReplaceItemInArray	8	static
../Core/Src/cJSON.c:2385:23:cJSON_CreateNull	8	static
../Core/Src/cJSON.c:2079:22:cJSON_AddNullToObject	24	static
../Core/Src/cJSON.c:2396:23:cJSON_CreateTrue	8	static
../Core/Src/cJSON.c:2091:22:cJSON_AddTrueToObject	24	static
../Core/Src/cJSON.c:2407:23:cJSON_CreateFalse	8	static
../Core/Src/cJSON.c:2103:22:cJSON_AddFalseToObject	24	static
../Core/Src/cJSON.c:2418:23:cJSON_CreateBool	8	static
../Core/Src/cJSON.c:2115:22:cJSON_AddBoolToObject	24	static
../Core/Src/cJSON.c:2429:23:cJSON_CreateNumber	16	static
../Core/Src/cJSON.c:2127:22:cJSON_AddNumberToObject	24	static
../Core/Src/cJSON.c:2455:23:cJSON_CreateString	16	static
../Core/Src/cJSON.c:2139:22:cJSON_AddStringToObject	24	static
../Core/Src/cJSON.c:2472:23:cJSON_CreateStringReference	8	static
../Core/Src/cJSON.c:2484:23:cJSON_CreateObjectReference	8	static
../Core/Src/cJSON.c:2495:23:cJSON_CreateArrayReference	8	static
../Core/Src/cJSON.c:2505:23:cJSON_CreateRaw	16	static
../Core/Src/cJSON.c:2151:22:cJSON_AddRawToObject	24	static
../Core/Src/cJSON.c:2522:23:cJSON_CreateArray	8	static
../Core/Src/cJSON.c:2175:22:cJSON_AddArrayToObject	24	static
../Core/Src/cJSON.c:2533:23:cJSON_CreateObject	8	static
../Core/Src/cJSON.c:2163:22:cJSON_AddObjectToObject	24	static
../Core/Src/cJSON.c:2545:23:cJSON_CreateIntArray	32	static
../Core/Src/cJSON.c:2585:23:cJSON_CreateFloatArray	32	static
../Core/Src/cJSON.c:2625:23:cJSON_CreateDoubleArray	32	static
../Core/Src/cJSON.c:2665:23:cJSON_CreateStringArray	32	static
../Core/Src/cJSON.c:2706:23:cJSON_Duplicate	16	static
../Core/Src/cJSON.c:2838:20:cJSON_Minify	8	static
../Core/Src/cJSON.c:2886:26:cJSON_IsInvalid	0	static
../Core/Src/cJSON.c:2896:26:cJSON_IsFalse	0	static
../Core/Src/cJSON.c:2906:26:cJSON_IsTrue	0	static
../Core/Src/cJSON.c:2917:26:cJSON_IsBool	0	static
../Core/Src/cJSON.c:2926:26:cJSON_IsNull	0	static
../Core/Src/cJSON.c:2936:26:cJSON_IsNumber	0	static
../Core/Src/cJSON.c:109:22:cJSON_GetNumberValue	8	static
../Core/Src/cJSON.c:2946:26:cJSON_IsString	0	static
../Core/Src/cJSON.c:99:22:cJSON_GetStringValue	8	static
../Core/Src/cJSON.c:2956:26:cJSON_IsArray	0	static
../Core/Src/cJSON.c:2966:26:cJSON_IsObject	0	static
../Core/Src/cJSON.c:2976:26:cJSON_IsRaw	0	static
../Core/Src/cJSON.c:2986:26:cJSON_Compare	40	static
../Core/Src/cJSON.c:3111:22:cJSON_malloc	0	static
../Core/Src/cJSON.c:3116:20:cJSON_free	0	static
../Core/Src/cJSON.c:400:21:cJSON_SetValuestring	24	static
../Core/Src/cJSON.c:2351:19:replace_item_in_object	24	static
../Core/Src/cJSON.c:2374:26:cJSON_ReplaceItemInObject	0	static
../Core/Src/cJSON.c:2379:26:cJSON_ReplaceItemInObjectCaseSensitive	0	static
